

================================================================
== Vivado HLS Report for 'fir'
================================================================
* Date:           Mon Oct 17 10:44:26 2022

* Version:        2020.1 (Build 2897737 on Wed May 27 20:21:37 MDT 2020)
* Project:        optimized2
* Solution:       solution1
* Product family: zynq
* Target device:  xc7z020-clg400-1


================================================================
== Performance Estimates
================================================================
+ Timing: 
    * Summary: 
    +--------+----------+----------+------------+
    |  Clock |  Target  | Estimated| Uncertainty|
    +--------+----------+----------+------------+
    |ap_clk  | 10.00 ns | 8.016 ns |   1.25 ns  |
    +--------+----------+----------+------------+

+ Latency: 
    * Summary: 
    +---------+---------+----------+----------+-----+-----+---------+
    |  Latency (cycles) |  Latency (absolute) |  Interval | Pipeline|
    |   min   |   max   |    min   |    max   | min | max |   Type  |
    +---------+---------+----------+----------+-----+-----+---------+
    |      258|      258| 2.580 us | 2.580 us |  258|  258|   none  |
    +---------+---------+----------+----------+-----+-----+---------+

    + Detail: 
        * Instance: 
        N/A

        * Loop: 
        +--------------------+---------+---------+----------+-----------+-----------+------+----------+
        |                    |  Latency (cycles) | Iteration|  Initiation Interval  | Trip |          |
        |      Loop Name     |   min   |   max   |  Latency |  achieved |   target  | Count| Pipelined|
        +--------------------+---------+---------+----------+-----------+-----------+------+----------+
        |- Shift_Accum_Loop  |      256|      256|         3|          2|          2|   128|    yes   |
        +--------------------+---------+---------+----------+-----------+-----------+------+----------+



================================================================
== Utilization Estimates
================================================================
* Summary: 
+-----------------+---------+-------+--------+-------+-----+
|       Name      | BRAM_18K| DSP48E|   FF   |  LUT  | URAM|
+-----------------+---------+-------+--------+-------+-----+
|DSP              |        -|      -|       -|      -|    -|
|Expression       |        -|      0|       0|    121|    -|
|FIFO             |        -|      -|       -|      -|    -|
|Instance         |        -|      -|       -|      -|    -|
|Memory           |        1|      -|       5|     10|    0|
|Multiplexer      |        -|      -|       -|    132|    -|
|Register         |        -|      -|     100|      -|    -|
+-----------------+---------+-------+--------+-------+-----+
|Total            |        1|      0|     105|    263|    0|
+-----------------+---------+-------+--------+-------+-----+
|Available        |      280|    220|  106400|  53200|    0|
+-----------------+---------+-------+--------+-------+-----+
|Utilization (%)  |    ~0   |      0|   ~0   |   ~0  |    0|
+-----------------+---------+-------+--------+-------+-----+

+ Detail: 
    * Instance: 
    N/A

    * DSP48E: 
    N/A

    * Memory: 
    +---------------+-----------------+---------+---+----+-----+------+-----+------+-------------+
    |     Memory    |      Module     | BRAM_18K| FF| LUT| URAM| Words| Bits| Banks| W*Bits*Banks|
    +---------------+-----------------+---------+---+----+-----+------+-----+------+-------------+
    |c_U            |fir_c            |        0|  5|  10|    0|   128|    5|     1|          640|
    |shift_reg_V_U  |fir_shift_reg_V  |        1|  0|   0|    0|   128|    8|     1|         1024|
    +---------------+-----------------+---------+---+----+-----+------+-----+------+-------------+
    |Total          |                 |        1|  5|  10|    0|   256|   13|     2|         1664|
    +---------------+-----------------+---------+---+----+-----+------+-----+------+-------------+

    * FIFO: 
    N/A

    * Expression: 
    +---------------------+----------+-------+---+----+------------+------------+
    |    Variable Name    | Operation| DSP48E| FF| LUT| Bitwidth P0| Bitwidth P1|
    +---------------------+----------+-------+---+----+------------+------------+
    |ret_V_fu_217_p2      |     *    |      0|  0|  41|           5|           8|
    |acc_V_fu_228_p2      |     +    |      0|  0|  23|          16|          16|
    |add_ln700_fu_181_p2  |     +    |      0|  0|  23|          16|          16|
    |grp_fu_146_p2        |     +    |      0|  0|  15|           8|           2|
    |ap_condition_259     |    and   |      0|  0|   2|           1|           1|
    |ap_condition_263     |    and   |      0|  0|   2|           1|           1|
    |ap_condition_97      |    and   |      0|  0|   2|           1|           1|
    |icmp_ln36_fu_195_p2  |   icmp   |      0|  0|  11|           8|           1|
    |ap_enable_pp0        |    xor   |      0|  0|   2|           1|           2|
    +---------------------+----------+-------+---+----+------------+------------+
    |Total                |          |      0|  0| 121|          57|          48|
    +---------------------+----------+-------+---+----+------------+------------+

    * Multiplexer: 
    +-----------------------------------+----+-----------+-----+-----------+
    |                Name               | LUT| Input Size| Bits| Total Bits|
    +-----------------------------------+----+-----------+-----+-----------+
    |ap_NS_fsm                          |  27|          5|    1|          5|
    |ap_enable_reg_pp0_iter1            |   9|          2|    1|          2|
    |ap_phi_mux_i_0_phi_fu_129_p4       |   9|          2|    8|         16|
    |ap_phi_mux_p_pn_phi_fu_140_p4      |   9|          2|   16|         32|
    |ap_phi_reg_pp0_iter1_p_pn_reg_137  |   9|          2|   16|         32|
    |grp_fu_146_p0                      |  15|          3|    8|         24|
    |i_0_reg_125                        |   9|          2|    8|         16|
    |p_0513_0_reg_113                   |   9|          2|   16|         32|
    |shift_reg_V_address0               |  21|          4|    7|         28|
    |shift_reg_V_d0                     |  15|          3|    8|         24|
    +-----------------------------------+----+-----------+-----+-----------+
    |Total                              | 132|         27|   89|        211|
    +-----------------------------------+----+-----------+-----+-----------+

    * Register: 
    +-----------------------------------+----+----+-----+-----------+
    |                Name               | FF | LUT| Bits| Const Bits|
    +-----------------------------------+----+----+-----+-----------+
    |add_ln700_reg_244                  |  15|   0|   16|          1|
    |ap_CS_fsm                          |   4|   0|    4|          0|
    |ap_enable_reg_pp0_iter0            |   1|   0|    1|          0|
    |ap_enable_reg_pp0_iter1            |   1|   0|    1|          0|
    |ap_phi_reg_pp0_iter1_p_pn_reg_137  |  16|   0|   16|          0|
    |c_load_reg_277                     |   5|   0|    5|          0|
    |i_0_reg_125                        |   8|   0|    8|          0|
    |i_reg_282                          |   8|   0|    8|          0|
    |icmp_ln36_reg_253                  |   1|   0|    1|          0|
    |p_0513_0_reg_113                   |  16|   0|   16|          0|
    |shift_reg_V_load_reg_272           |   8|   0|    8|          0|
    |tmp_1_reg_249                      |   1|   0|    1|          0|
    |trunc_ln160_reg_239                |   8|   0|    8|          0|
    |zext_ln41_reg_257                  |   8|   0|   64|         56|
    +-----------------------------------+----+----+-----+-----------+
    |Total                              | 100|   0|  157|         57|
    +-----------------------------------+----+----+-----+-----------+



================================================================
== Interface
================================================================
* Summary: 
+----------+-----+-----+------------+--------------+--------------+
| RTL Ports| Dir | Bits|  Protocol  | Source Object|    C Type    |
+----------+-----+-----+------------+--------------+--------------+
|ap_clk    |  in |    1| ap_ctrl_hs |      fir     | return value |
|ap_rst    |  in |    1| ap_ctrl_hs |      fir     | return value |
|ap_start  |  in |    1| ap_ctrl_hs |      fir     | return value |
|ap_done   | out |    1| ap_ctrl_hs |      fir     | return value |
|ap_idle   | out |    1| ap_ctrl_hs |      fir     | return value |
|ap_ready  | out |    1| ap_ctrl_hs |      fir     | return value |
|y         | out |   32|   ap_vld   |       y      |    pointer   |
|y_ap_vld  | out |    1|   ap_vld   |       y      |    pointer   |
|x         |  in |   32|   ap_none  |       x      |    scalar    |
+----------+-----+-----+------------+--------------+--------------+

