

================================================================
== Vivado HLS Report for 'fir'
================================================================
* Date:           Mon Oct 17 22:40:15 2022

* Version:        2020.1 (Build 2897737 on Wed May 27 20:21:37 MDT 2020)
* Project:        best
* Solution:       solution1
* Product family: zynq
* Target device:  xc7z020-clg400-1


================================================================
== Performance Estimates
================================================================
+ Timing: 
    * Summary: 
    +--------+----------+----------+------------+
    |  Clock |  Target  | Estimated| Uncertainty|
    +--------+----------+----------+------------+
    |ap_clk  | 10.00 ns | 9.871 ns |   1.25 ns  |
    +--------+----------+----------+------------+

+ Latency: 
    * Summary: 
    +---------+---------+-----------+-----------+-----+-----+---------+
    |  Latency (cycles) |   Latency (absolute)  |  Interval | Pipeline|
    |   min   |   max   |    min    |    max    | min | max |   Type  |
    +---------+---------+-----------+-----------+-----+-----+---------+
    |        2|        2| 20.000 ns | 20.000 ns |    2|    2|   none  |
    +---------+---------+-----------+-----------+-----+-----+---------+

    + Detail: 
        * Instance: 
        N/A

        * Loop: 
        N/A



================================================================
== Utilization Estimates
================================================================
* Summary: 
+-----------------+---------+-------+--------+-------+-----+
|       Name      | BRAM_18K| DSP48E|   FF   |  LUT  | URAM|
+-----------------+---------+-------+--------+-------+-----+
|DSP              |        -|     24|       -|      -|    -|
|Expression       |        -|      -|       0|   3887|    -|
|FIFO             |        -|      -|       -|      -|    -|
|Instance         |        -|      -|       -|      -|    -|
|Memory           |        -|      -|       -|      -|    -|
|Multiplexer      |        -|      -|       -|     21|    -|
|Register         |        -|      -|    1483|      -|    -|
+-----------------+---------+-------+--------+-------+-----+
|Total            |        0|     24|    1483|   3908|    0|
+-----------------+---------+-------+--------+-------+-----+
|Available        |      280|    220|  106400|  53200|    0|
+-----------------+---------+-------+--------+-------+-----+
|Utilization (%)  |        0|     10|       1|      7|    0|
+-----------------+---------+-------+--------+-------+-----+

+ Detail: 
    * Instance: 
    N/A

    * DSP48E: 
    +--------------------------+----------------------+--------------+
    |         Instance         |        Module        |  Expression  |
    +--------------------------+----------------------+--------------+
    |fir_mac_muladd_5nbkb_U1   |fir_mac_muladd_5nbkb  | i0 + i1 * i2 |
    |fir_mac_muladd_5nbkb_U8   |fir_mac_muladd_5nbkb  | i0 * i1 + i2 |
    |fir_mac_muladd_5nbkb_U9   |fir_mac_muladd_5nbkb  | i0 + i1 * i2 |
    |fir_mac_muladd_5nbkb_U16  |fir_mac_muladd_5nbkb  | i0 * i1 + i2 |
    |fir_mac_muladd_5nbkb_U17  |fir_mac_muladd_5nbkb  | i0 + i1 * i2 |
    |fir_mac_muladd_5nbkb_U24  |fir_mac_muladd_5nbkb  | i0 * i1 + i2 |
    |fir_mac_muladd_5ncud_U2   |fir_mac_muladd_5ncud  | i0 * i1 + i2 |
    |fir_mac_muladd_5ncud_U7   |fir_mac_muladd_5ncud  | i0 + i1 * i2 |
    |fir_mac_muladd_5ncud_U10  |fir_mac_muladd_5ncud  | i0 * i1 + i2 |
    |fir_mac_muladd_5ncud_U15  |fir_mac_muladd_5ncud  | i0 + i1 * i2 |
    |fir_mac_muladd_5ncud_U18  |fir_mac_muladd_5ncud  | i0 * i1 + i2 |
    |fir_mac_muladd_5ncud_U23  |fir_mac_muladd_5ncud  | i0 + i1 * i2 |
    |fir_mac_muladd_5sdEe_U3   |fir_mac_muladd_5sdEe  | i0 + i1 * i2 |
    |fir_mac_muladd_5sdEe_U4   |fir_mac_muladd_5sdEe  | i0 * i1 + i2 |
    |fir_mac_muladd_5sdEe_U5   |fir_mac_muladd_5sdEe  | i0 + i1 * i2 |
    |fir_mac_muladd_5sdEe_U6   |fir_mac_muladd_5sdEe  | i0 * i1 + i2 |
    |fir_mac_muladd_5sdEe_U11  |fir_mac_muladd_5sdEe  | i0 + i1 * i2 |
    |fir_mac_muladd_5sdEe_U12  |fir_mac_muladd_5sdEe  | i0 * i1 + i2 |
    |fir_mac_muladd_5sdEe_U13  |fir_mac_muladd_5sdEe  | i0 + i1 * i2 |
    |fir_mac_muladd_5sdEe_U14  |fir_mac_muladd_5sdEe  | i0 * i1 + i2 |
    |fir_mac_muladd_5sdEe_U19  |fir_mac_muladd_5sdEe  | i0 + i1 * i2 |
    |fir_mac_muladd_5sdEe_U20  |fir_mac_muladd_5sdEe  | i0 * i1 + i2 |
    |fir_mac_muladd_5sdEe_U21  |fir_mac_muladd_5sdEe  | i0 + i1 * i2 |
    |fir_mac_muladd_5sdEe_U22  |fir_mac_muladd_5sdEe  | i0 * i1 + i2 |
    +--------------------------+----------------------+--------------+

    * Memory: 
    N/A

    * FIFO: 
    N/A

    * Expression: 
    +--------------------------+----------+-------+---+----+------------+------------+
    |       Variable Name      | Operation| DSP48E| FF| LUT| Bitwidth P0| Bitwidth P1|
    +--------------------------+----------+-------+---+----+------------+------------+
    |acc_V_fu_6125_p2          |     +    |      0|  0|  16|          16|          16|
    |add_ln1352_10_fu_775_p2   |     +    |      0|  0|  12|          12|          12|
    |add_ln1352_11_fu_823_p2   |     +    |      0|  0|  12|          12|          12|
    |add_ln1352_12_fu_871_p2   |     +    |      0|  0|  12|          12|          12|
    |add_ln1352_13_fu_919_p2   |     +    |      0|  0|  12|          12|          12|
    |add_ln1352_14_fu_967_p2   |     +    |      0|  0|  12|          12|          12|
    |add_ln1352_15_fu_1015_p2  |     +    |      0|  0|  12|          12|          12|
    |add_ln1352_16_fu_1063_p2  |     +    |      0|  0|  12|          12|          12|
    |add_ln1352_17_fu_1111_p2  |     +    |      0|  0|  12|          12|          12|
    |add_ln1352_18_fu_1159_p2  |     +    |      0|  0|  12|          12|          12|
    |add_ln1352_19_fu_1207_p2  |     +    |      0|  0|  12|          12|          12|
    |add_ln1352_1_fu_343_p2    |     +    |      0|  0|  12|          12|          12|
    |add_ln1352_20_fu_1255_p2  |     +    |      0|  0|  12|          12|          12|
    |add_ln1352_21_fu_2123_p2  |     +    |      0|  0|  12|          12|          12|
    |add_ln1352_22_fu_2167_p2  |     +    |      0|  0|  12|          12|          12|
    |add_ln1352_23_fu_2211_p2  |     +    |      0|  0|  12|          12|          12|
    |add_ln1352_24_fu_2255_p2  |     +    |      0|  0|  12|          12|          12|
    |add_ln1352_25_fu_2299_p2  |     +    |      0|  0|  12|          12|          12|
    |add_ln1352_26_fu_2343_p2  |     +    |      0|  0|  12|          12|          12|
    |add_ln1352_27_fu_2387_p2  |     +    |      0|  0|  12|          12|          12|
    |add_ln1352_28_fu_2431_p2  |     +    |      0|  0|  12|          12|          12|
    |add_ln1352_29_fu_3223_p2  |     +    |      0|  0|  12|          12|          12|
    |add_ln1352_2_fu_391_p2    |     +    |      0|  0|  12|          12|          12|
    |add_ln1352_30_fu_3267_p2  |     +    |      0|  0|  12|          12|          12|
    |add_ln1352_31_fu_3311_p2  |     +    |      0|  0|  12|          12|          12|
    |add_ln1352_32_fu_3355_p2  |     +    |      0|  0|  12|          12|          12|
    |add_ln1352_33_fu_3399_p2  |     +    |      0|  0|  12|          12|          12|
    |add_ln1352_34_fu_3437_p2  |     +    |      0|  0|  12|          12|          12|
    |add_ln1352_35_fu_3497_p2  |     +    |      0|  0|  12|          12|          12|
    |add_ln1352_36_fu_3541_p2  |     +    |      0|  0|  12|          12|          12|
    |add_ln1352_3_fu_439_p2    |     +    |      0|  0|  12|          12|          12|
    |add_ln1352_4_fu_487_p2    |     +    |      0|  0|  12|          12|          12|
    |add_ln1352_5_fu_535_p2    |     +    |      0|  0|  12|          12|          12|
    |add_ln1352_6_fu_583_p2    |     +    |      0|  0|  12|          12|          12|
    |add_ln1352_7_fu_631_p2    |     +    |      0|  0|  12|          12|          12|
    |add_ln1352_8_fu_679_p2    |     +    |      0|  0|  12|          12|          12|
    |add_ln1352_9_fu_727_p2    |     +    |      0|  0|  12|          12|          12|
    |add_ln1352_fu_295_p2      |     +    |      0|  0|  12|          12|          12|
    |add_ln700_100_fu_5715_p2  |     +    |      0|  0|  17|          13|          13|
    |add_ln700_101_fu_5725_p2  |     +    |      0|  0|  19|          14|          14|
    |add_ln700_102_fu_6036_p2  |     +    |      0|  0|  21|          15|          15|
    |add_ln700_103_fu_5731_p2  |     +    |      0|  0|  17|          13|          13|
    |add_ln700_104_fu_5741_p2  |     +    |      0|  0|  17|          13|          13|
    |add_ln700_105_fu_5751_p2  |     +    |      0|  0|  19|          14|          14|
    |add_ln700_106_fu_5757_p2  |     +    |      0|  0|  17|          13|          13|
    |add_ln700_107_fu_5767_p2  |     +    |      0|  0|  17|          13|          13|
    |add_ln700_108_fu_5777_p2  |     +    |      0|  0|  19|          14|          14|
    |add_ln700_109_fu_6052_p2  |     +    |      0|  0|  21|          15|          15|
    |add_ln700_10_fu_5221_p2   |     +    |      0|  0|  17|          13|          13|
    |add_ln700_110_fu_6062_p2  |     +    |      0|  0|  16|          16|          16|
    |add_ln700_111_fu_5783_p2  |     +    |      0|  0|  17|          13|          13|
    |add_ln700_112_fu_5793_p2  |     +    |      0|  0|  17|          13|          13|
    |add_ln700_113_fu_5803_p2  |     +    |      0|  0|  19|          14|          14|
    |add_ln700_114_fu_5809_p2  |     +    |      0|  0|  17|          13|          13|
    |add_ln700_116_fu_5822_p2  |     +    |      0|  0|  19|          14|          14|
    |add_ln700_117_fu_6074_p2  |     +    |      0|  0|  21|          15|          15|
    |add_ln700_119_fu_5828_p2  |     +    |      0|  0|  16|          11|          11|
    |add_ln700_11_fu_5231_p2   |     +    |      0|  0|  19|          14|          14|
    |add_ln700_120_fu_5838_p2  |     +    |      0|  0|  17|          13|          13|
    |add_ln700_123_fu_5849_p2  |     +    |      0|  0|  19|          14|          14|
    |add_ln700_124_fu_6090_p2  |     +    |      0|  0|  21|          15|          15|
    |add_ln700_125_fu_6100_p2  |     +    |      0|  0|  23|          16|          16|
    |add_ln700_126_fu_6106_p2  |     +    |      0|  0|  16|          16|          16|
    |add_ln700_127_fu_6120_p2  |     +    |      0|  0|  16|          16|          16|
    |add_ln700_12_fu_5241_p2   |     +    |      0|  0|  17|          13|          13|
    |add_ln700_13_fu_5251_p2   |     +    |      0|  0|  17|          13|          13|
    |add_ln700_14_fu_5261_p2   |     +    |      0|  0|  19|          14|          14|
    |add_ln700_15_fu_5271_p2   |     +    |      0|  0|  21|          15|          15|
    |add_ln700_16_fu_5861_p2   |     +    |      0|  0|  16|          16|          16|
    |add_ln700_17_fu_5277_p2   |     +    |      0|  0|  17|          13|          13|
    |add_ln700_18_fu_5287_p2   |     +    |      0|  0|  17|          13|          13|
    |add_ln700_19_fu_5297_p2   |     +    |      0|  0|  19|          14|          14|
    |add_ln700_1_fu_227_p2     |     +    |      0|  0|  12|          12|          12|
    |add_ln700_20_fu_5307_p2   |     +    |      0|  0|  17|          13|          13|
    |add_ln700_22_fu_5320_p2   |     +    |      0|  0|  19|          14|          14|
    |add_ln700_23_fu_5330_p2   |     +    |      0|  0|  21|          15|          15|
    |add_ln700_25_fu_5336_p2   |     +    |      0|  0|  16|          11|          11|
    |add_ln700_26_fu_5346_p2   |     +    |      0|  0|  17|          13|          13|
    |add_ln700_29_fu_5357_p2   |     +    |      0|  0|  19|          14|          14|
    |add_ln700_2_fu_237_p2     |     +    |      0|  0|  12|          12|          12|
    |add_ln700_30_fu_5876_p2   |     +    |      0|  0|  21|          15|          15|
    |add_ln700_31_fu_5886_p2   |     +    |      0|  0|  23|          16|          16|
    |add_ln700_32_fu_5892_p2   |     +    |      0|  0|  16|          16|          16|
    |add_ln700_33_fu_5363_p2   |     +    |      0|  0|  17|          13|          13|
    |add_ln700_34_fu_5373_p2   |     +    |      0|  0|  17|          13|          13|
    |add_ln700_35_fu_5383_p2   |     +    |      0|  0|  19|          14|          14|
    |add_ln700_36_fu_5389_p2   |     +    |      0|  0|  17|          13|          13|
    |add_ln700_38_fu_5402_p2   |     +    |      0|  0|  19|          14|          14|
    |add_ln700_39_fu_5904_p2   |     +    |      0|  0|  21|          15|          15|
    |add_ln700_3_fu_5155_p2    |     +    |      0|  0|  17|          13|          13|
    |add_ln700_41_fu_5408_p2   |     +    |      0|  0|  16|          11|          11|
    |add_ln700_42_fu_5418_p2   |     +    |      0|  0|  17|          13|          13|
    |add_ln700_45_fu_5429_p2   |     +    |      0|  0|  19|          14|          14|
    |add_ln700_46_fu_5920_p2   |     +    |      0|  0|  21|          15|          15|
    |add_ln700_47_fu_5930_p2   |     +    |      0|  0|  16|          16|          16|
    |add_ln700_48_fu_5435_p2   |     +    |      0|  0|  17|          13|          13|
    |add_ln700_49_fu_5445_p2   |     +    |      0|  0|  17|          13|          13|
    |add_ln700_4_fu_5165_p2    |     +    |      0|  0|  19|          14|          14|
    |add_ln700_50_fu_5455_p2   |     +    |      0|  0|  19|          14|          14|
    |add_ln700_51_fu_5465_p2   |     +    |      0|  0|  17|          13|          13|
    |add_ln700_53_fu_5478_p2   |     +    |      0|  0|  19|          14|          14|
    |add_ln700_54_fu_5488_p2   |     +    |      0|  0|  21|          15|          15|
    |add_ln700_56_fu_5494_p2   |     +    |      0|  0|  16|          11|          11|
    |add_ln700_57_fu_5504_p2   |     +    |      0|  0|  17|          13|          13|
    |add_ln700_5_fu_5175_p2    |     +    |      0|  0|  17|          13|          13|
    |add_ln700_60_fu_5515_p2   |     +    |      0|  0|  19|          14|          14|
    |add_ln700_61_fu_5945_p2   |     +    |      0|  0|  21|          15|          15|
    |add_ln700_62_fu_5955_p2   |     +    |      0|  0|  23|          16|          16|
    |add_ln700_63_fu_5961_p2   |     +    |      0|  0|  16|          16|          16|
    |add_ln700_64_fu_6112_p2   |     +    |      0|  0|  16|          16|          16|
    |add_ln700_65_fu_5521_p2   |     +    |      0|  0|  17|          13|          13|
    |add_ln700_66_fu_5531_p2   |     +    |      0|  0|  17|          13|          13|
    |add_ln700_67_fu_5541_p2   |     +    |      0|  0|  19|          14|          14|
    |add_ln700_68_fu_5547_p2   |     +    |      0|  0|  17|          13|          13|
    |add_ln700_6_fu_5185_p2    |     +    |      0|  0|  17|          13|          13|
    |add_ln700_70_fu_5560_p2   |     +    |      0|  0|  19|          14|          14|
    |add_ln700_71_fu_5973_p2   |     +    |      0|  0|  21|          15|          15|
    |add_ln700_73_fu_5566_p2   |     +    |      0|  0|  16|          11|          11|
    |add_ln700_74_fu_5576_p2   |     +    |      0|  0|  17|          13|          13|
    |add_ln700_77_fu_5587_p2   |     +    |      0|  0|  19|          14|          14|
    |add_ln700_78_fu_5989_p2   |     +    |      0|  0|  21|          15|          15|
    |add_ln700_79_fu_5999_p2   |     +    |      0|  0|  23|          16|          16|
    |add_ln700_7_fu_5195_p2    |     +    |      0|  0|  19|          14|          14|
    |add_ln700_80_fu_5593_p2   |     +    |      0|  0|  17|          13|          13|
    |add_ln700_81_fu_5603_p2   |     +    |      0|  0|  17|          13|          13|
    |add_ln700_82_fu_5613_p2   |     +    |      0|  0|  19|          14|          14|
    |add_ln700_83_fu_5623_p2   |     +    |      0|  0|  17|          13|          13|
    |add_ln700_85_fu_5636_p2   |     +    |      0|  0|  19|          14|          14|
    |add_ln700_86_fu_5646_p2   |     +    |      0|  0|  21|          15|          15|
    |add_ln700_88_fu_5652_p2   |     +    |      0|  0|  16|          11|          11|
    |add_ln700_89_fu_5662_p2   |     +    |      0|  0|  17|          13|          13|
    |add_ln700_8_fu_5205_p2    |     +    |      0|  0|  21|          15|          15|
    |add_ln700_92_fu_5673_p2   |     +    |      0|  0|  19|          14|          14|
    |add_ln700_93_fu_6014_p2   |     +    |      0|  0|  21|          15|          15|
    |add_ln700_94_fu_6024_p2   |     +    |      0|  0|  23|          16|          16|
    |add_ln700_95_fu_6116_p2   |     +    |      0|  0|  16|          16|          16|
    |add_ln700_96_fu_5679_p2   |     +    |      0|  0|  17|          13|          13|
    |add_ln700_97_fu_5689_p2   |     +    |      0|  0|  17|          13|          13|
    |add_ln700_98_fu_5699_p2   |     +    |      0|  0|  19|          14|          14|
    |add_ln700_99_fu_5705_p2   |     +    |      0|  0|  17|          13|          13|
    |add_ln700_9_fu_5211_p2    |     +    |      0|  0|  17|          13|          13|
    |add_ln700_fu_247_p2       |     +    |      0|  0|  17|          13|          13|
    |ret_V_fu_5145_p2          |     +    |      0|  0|  12|          12|          12|
    |sub_ln1352_10_fu_1713_p2  |     -    |      0|  0|  16|           1|          12|
    |sub_ln1352_11_fu_1731_p2  |     -    |      0|  0|  16|          12|          12|
    |sub_ln1352_12_fu_1767_p2  |     -    |      0|  0|  16|           1|          12|
    |sub_ln1352_13_fu_1785_p2  |     -    |      0|  0|  16|          12|          12|
    |sub_ln1352_14_fu_1821_p2  |     -    |      0|  0|  16|           1|          12|
    |sub_ln1352_15_fu_1839_p2  |     -    |      0|  0|  16|          12|          12|
    |sub_ln1352_16_fu_1875_p2  |     -    |      0|  0|  16|           1|          12|
    |sub_ln1352_17_fu_1893_p2  |     -    |      0|  0|  16|          12|          12|
    |sub_ln1352_18_fu_1965_p2  |     -    |      0|  0|  12|           1|          12|
    |sub_ln1352_19_fu_2033_p2  |     -    |      0|  0|  16|          11|          11|
    |sub_ln1352_1_fu_1425_p2   |     -    |      0|  0|  12|           1|          12|
    |sub_ln1352_20_fu_2517_p2  |     -    |      0|  0|  13|          11|          11|
    |sub_ln1352_21_fu_2577_p2  |     -    |      0|  0|  12|           1|          12|
    |sub_ln1352_22_fu_2637_p2  |     -    |      0|  0|  16|           1|          12|
    |sub_ln1352_23_fu_2655_p2  |     -    |      0|  0|  16|          12|          12|
    |sub_ln1352_24_fu_2687_p2  |     -    |      0|  0|  16|           1|          12|
    |sub_ln1352_25_fu_2705_p2  |     -    |      0|  0|  16|          12|          12|
    |sub_ln1352_26_fu_2737_p2  |     -    |      0|  0|  16|           1|          12|
    |sub_ln1352_27_fu_2755_p2  |     -    |      0|  0|  16|          12|          12|
    |sub_ln1352_28_fu_2787_p2  |     -    |      0|  0|  16|           1|          12|
    |sub_ln1352_29_fu_2805_p2  |     -    |      0|  0|  16|          12|          12|
    |sub_ln1352_2_fu_1497_p2   |     -    |      0|  0|  16|           1|          12|
    |sub_ln1352_30_fu_2837_p2  |     -    |      0|  0|  16|           1|          12|
    |sub_ln1352_31_fu_2855_p2  |     -    |      0|  0|  16|          12|          12|
    |sub_ln1352_32_fu_2887_p2  |     -    |      0|  0|  16|           1|          12|
    |sub_ln1352_33_fu_2905_p2  |     -    |      0|  0|  16|          12|          12|
    |sub_ln1352_34_fu_2937_p2  |     -    |      0|  0|  16|           1|          12|
    |sub_ln1352_35_fu_2955_p2  |     -    |      0|  0|  16|          12|          12|
    |sub_ln1352_36_fu_2987_p2  |     -    |      0|  0|  16|           1|          12|
    |sub_ln1352_37_fu_3005_p2  |     -    |      0|  0|  16|          12|          12|
    |sub_ln1352_38_fu_3065_p2  |     -    |      0|  0|  12|           1|          12|
    |sub_ln1352_39_fu_3133_p2  |     -    |      0|  0|  16|          11|          11|
    |sub_ln1352_3_fu_1515_p2   |     -    |      0|  0|  16|          12|          12|
    |sub_ln1352_40_fu_3627_p2  |     -    |      0|  0|  13|          11|          11|
    |sub_ln1352_41_fu_3687_p2  |     -    |      0|  0|  12|           1|          12|
    |sub_ln1352_42_fu_3747_p2  |     -    |      0|  0|  16|           1|          12|
    |sub_ln1352_43_fu_3765_p2  |     -    |      0|  0|  16|          12|          12|
    |sub_ln1352_44_fu_3797_p2  |     -    |      0|  0|  16|           1|          12|
    |sub_ln1352_45_fu_3815_p2  |     -    |      0|  0|  16|          12|          12|
    |sub_ln1352_46_fu_3847_p2  |     -    |      0|  0|  16|           1|          12|
    |sub_ln1352_47_fu_3865_p2  |     -    |      0|  0|  16|          12|          12|
    |sub_ln1352_48_fu_3897_p2  |     -    |      0|  0|  16|           1|          12|
    |sub_ln1352_49_fu_3915_p2  |     -    |      0|  0|  16|          12|          12|
    |sub_ln1352_4_fu_1551_p2   |     -    |      0|  0|  16|           1|          12|
    |sub_ln1352_50_fu_3947_p2  |     -    |      0|  0|  16|           1|          12|
    |sub_ln1352_51_fu_3965_p2  |     -    |      0|  0|  16|          12|          12|
    |sub_ln1352_52_fu_3997_p2  |     -    |      0|  0|  16|           1|          12|
    |sub_ln1352_53_fu_4015_p2  |     -    |      0|  0|  16|          12|          12|
    |sub_ln1352_54_fu_4047_p2  |     -    |      0|  0|  16|           1|          12|
    |sub_ln1352_55_fu_4065_p2  |     -    |      0|  0|  16|          12|          12|
    |sub_ln1352_56_fu_4097_p2  |     -    |      0|  0|  16|           1|          12|
    |sub_ln1352_57_fu_4115_p2  |     -    |      0|  0|  16|          12|          12|
    |sub_ln1352_58_fu_4147_p2  |     -    |      0|  0|  16|           1|          12|
    |sub_ln1352_59_fu_4165_p2  |     -    |      0|  0|  16|          12|          12|
    |sub_ln1352_5_fu_1569_p2   |     -    |      0|  0|  16|          12|          12|
    |sub_ln1352_60_fu_4197_p2  |     -    |      0|  0|  16|           1|          12|
    |sub_ln1352_61_fu_4215_p2  |     -    |      0|  0|  16|          12|          12|
    |sub_ln1352_62_fu_4247_p2  |     -    |      0|  0|  16|           1|          12|
    |sub_ln1352_63_fu_4265_p2  |     -    |      0|  0|  16|          12|          12|
    |sub_ln1352_64_fu_4297_p2  |     -    |      0|  0|  16|           1|          12|
    |sub_ln1352_65_fu_4315_p2  |     -    |      0|  0|  16|          12|          12|
    |sub_ln1352_66_fu_4347_p2  |     -    |      0|  0|  16|           1|          12|
    |sub_ln1352_67_fu_4365_p2  |     -    |      0|  0|  16|          12|          12|
    |sub_ln1352_68_fu_4397_p2  |     -    |      0|  0|  16|           1|          12|
    |sub_ln1352_69_fu_4415_p2  |     -    |      0|  0|  16|          12|          12|
    |sub_ln1352_6_fu_1605_p2   |     -    |      0|  0|  16|           1|          12|
    |sub_ln1352_70_fu_4447_p2  |     -    |      0|  0|  16|           1|          12|
    |sub_ln1352_71_fu_4465_p2  |     -    |      0|  0|  16|          12|          12|
    |sub_ln1352_72_fu_4497_p2  |     -    |      0|  0|  16|           1|          12|
    |sub_ln1352_73_fu_4515_p2  |     -    |      0|  0|  16|          12|          12|
    |sub_ln1352_74_fu_4547_p2  |     -    |      0|  0|  16|           1|          12|
    |sub_ln1352_75_fu_4565_p2  |     -    |      0|  0|  16|          12|          12|
    |sub_ln1352_76_fu_4597_p2  |     -    |      0|  0|  16|           1|          12|
    |sub_ln1352_77_fu_4615_p2  |     -    |      0|  0|  16|          12|          12|
    |sub_ln1352_78_fu_4647_p2  |     -    |      0|  0|  16|           1|          12|
    |sub_ln1352_79_fu_4665_p2  |     -    |      0|  0|  16|          12|          12|
    |sub_ln1352_7_fu_1623_p2   |     -    |      0|  0|  16|          12|          12|
    |sub_ln1352_80_fu_4697_p2  |     -    |      0|  0|  16|           1|          12|
    |sub_ln1352_81_fu_4715_p2  |     -    |      0|  0|  16|          12|          12|
    |sub_ln1352_82_fu_4747_p2  |     -    |      0|  0|  16|           1|          12|
    |sub_ln1352_83_fu_4765_p2  |     -    |      0|  0|  16|          12|          12|
    |sub_ln1352_84_fu_4797_p2  |     -    |      0|  0|  16|           1|          12|
    |sub_ln1352_85_fu_4815_p2  |     -    |      0|  0|  16|          12|          12|
    |sub_ln1352_86_fu_4847_p2  |     -    |      0|  0|  16|           1|          12|
    |sub_ln1352_87_fu_4865_p2  |     -    |      0|  0|  16|          12|          12|
    |sub_ln1352_88_fu_4897_p2  |     -    |      0|  0|  16|           1|          12|
    |sub_ln1352_89_fu_4915_p2  |     -    |      0|  0|  16|          12|          12|
    |sub_ln1352_8_fu_1659_p2   |     -    |      0|  0|  16|           1|          12|
    |sub_ln1352_90_fu_4975_p2  |     -    |      0|  0|  12|           1|          12|
    |sub_ln1352_91_fu_5043_p2  |     -    |      0|  0|  16|          11|          11|
    |sub_ln1352_92_fu_1393_p2  |     -    |      0|  0|  16|          11|          11|
    |sub_ln1352_93_fu_2001_p2  |     -    |      0|  0|  13|          11|          11|
    |sub_ln1352_94_fu_2549_p2  |     -    |      0|  0|  16|          11|          11|
    |sub_ln1352_95_fu_3101_p2  |     -    |      0|  0|  13|          11|          11|
    |sub_ln1352_96_fu_3659_p2  |     -    |      0|  0|  16|          11|          11|
    |sub_ln1352_97_fu_5011_p2  |     -    |      0|  0|  13|          11|          11|
    |sub_ln1352_9_fu_1677_p2   |     -    |      0|  0|  16|          12|          12|
    |sub_ln1352_fu_1357_p2     |     -    |      0|  0|  13|          11|          11|
    +--------------------------+----------+-------+---+----+------------+------------+
    |Total                     |          |      0|  0|3887|        2568|        3074|
    +--------------------------+----------+-------+---+----+------------+------------+

    * Multiplexer: 
    +-----------+----+-----------+-----+-----------+
    |    Name   | LUT| Input Size| Bits| Total Bits|
    +-----------+----+-----------+-----+-----------+
    |ap_NS_fsm  |  21|          4|    1|          4|
    +-----------+----+-----------+-----+-----------+
    |Total      |  21|          4|    1|          4|
    +-----------+----+-----------+-----+-----------+

    * Register: 
    +------------------------+----+----+-----+-----------+
    |          Name          | FF | LUT| Bits| Const Bits|
    +------------------------+----+----+-----+-----------+
    |add_ln700_101_reg_6452  |  13|   0|   14|          1|
    |add_ln700_105_reg_6457  |  13|   0|   14|          1|
    |add_ln700_108_reg_6462  |  13|   0|   14|          1|
    |add_ln700_113_reg_6467  |  13|   0|   14|          1|
    |add_ln700_116_reg_6472  |  14|   0|   14|          0|
    |add_ln700_120_reg_6477  |  13|   0|   13|          0|
    |add_ln700_123_reg_6482  |  14|   0|   14|          0|
    |add_ln700_126_reg_6507  |  16|   0|   16|          0|
    |add_ln700_15_reg_6357   |  14|   0|   15|          1|
    |add_ln700_23_reg_6362   |  15|   0|   15|          0|
    |add_ln700_26_reg_6367   |  13|   0|   13|          0|
    |add_ln700_29_reg_6372   |  14|   0|   14|          0|
    |add_ln700_32_reg_6487   |  16|   0|   16|          0|
    |add_ln700_35_reg_6377   |  13|   0|   14|          1|
    |add_ln700_38_reg_6382   |  14|   0|   14|          0|
    |add_ln700_42_reg_6387   |  13|   0|   13|          0|
    |add_ln700_45_reg_6392   |  14|   0|   14|          0|
    |add_ln700_54_reg_6397   |  15|   0|   15|          0|
    |add_ln700_57_reg_6402   |  13|   0|   13|          0|
    |add_ln700_60_reg_6407   |  14|   0|   14|          0|
    |add_ln700_63_reg_6492   |  16|   0|   16|          0|
    |add_ln700_67_reg_6412   |  13|   0|   14|          1|
    |add_ln700_70_reg_6417   |  14|   0|   14|          0|
    |add_ln700_74_reg_6422   |  13|   0|   13|          0|
    |add_ln700_77_reg_6427   |  14|   0|   14|          0|
    |add_ln700_79_reg_6497   |  16|   0|   16|          0|
    |add_ln700_86_reg_6432   |  15|   0|   15|          0|
    |add_ln700_89_reg_6437   |  13|   0|   13|          0|
    |add_ln700_8_reg_6352    |  14|   0|   15|          1|
    |add_ln700_92_reg_6442   |  14|   0|   14|          0|
    |add_ln700_94_reg_6502   |  16|   0|   16|          0|
    |add_ln700_98_reg_6447   |  13|   0|   14|          1|
    |ap_CS_fsm               |   3|   0|    3|          0|
    |shift_reg_V_0           |  24|   0|   24|          0|
    |shift_reg_V_1           |  24|   0|   24|          0|
    |shift_reg_V_10          |  24|   0|   24|          0|
    |shift_reg_V_11          |  24|   0|   24|          0|
    |shift_reg_V_12          |  24|   0|   24|          0|
    |shift_reg_V_13          |  24|   0|   24|          0|
    |shift_reg_V_14          |  24|   0|   24|          0|
    |shift_reg_V_15          |  24|   0|   24|          0|
    |shift_reg_V_16          |  24|   0|   24|          0|
    |shift_reg_V_17          |  24|   0|   24|          0|
    |shift_reg_V_18          |  24|   0|   24|          0|
    |shift_reg_V_19          |  24|   0|   24|          0|
    |shift_reg_V_2           |  24|   0|   24|          0|
    |shift_reg_V_20          |  24|   0|   24|          0|
    |shift_reg_V_21          |  24|   0|   24|          0|
    |shift_reg_V_22          |  24|   0|   24|          0|
    |shift_reg_V_23          |  24|   0|   24|          0|
    |shift_reg_V_24          |  24|   0|   24|          0|
    |shift_reg_V_25          |  24|   0|   24|          0|
    |shift_reg_V_26          |  24|   0|   24|          0|
    |shift_reg_V_27          |  24|   0|   24|          0|
    |shift_reg_V_28          |  24|   0|   24|          0|
    |shift_reg_V_29          |  24|   0|   24|          0|
    |shift_reg_V_3           |  24|   0|   24|          0|
    |shift_reg_V_30          |  24|   0|   24|          0|
    |shift_reg_V_31          |  24|   0|   24|          0|
    |shift_reg_V_32          |  24|   0|   24|          0|
    |shift_reg_V_33          |  24|   0|   24|          0|
    |shift_reg_V_34          |  24|   0|   24|          0|
    |shift_reg_V_35          |  24|   0|   24|          0|
    |shift_reg_V_36          |  24|   0|   24|          0|
    |shift_reg_V_37          |  24|   0|   24|          0|
    |shift_reg_V_38          |  24|   0|   24|          0|
    |shift_reg_V_39          |  24|   0|   24|          0|
    |shift_reg_V_4           |  24|   0|   24|          0|
    |shift_reg_V_40          |  24|   0|   24|          0|
    |shift_reg_V_41          |  24|   0|   24|          0|
    |shift_reg_V_42          |  24|   0|   24|          0|
    |shift_reg_V_5           |  24|   0|   24|          0|
    |shift_reg_V_6           |  24|   0|   24|          0|
    |shift_reg_V_7           |  24|   0|   24|          0|
    |shift_reg_V_8           |  24|   0|   24|          0|
    |shift_reg_V_9           |  24|   0|   24|          0|
    +------------------------+----+----+-----+-----------+
    |Total                   |1483|   0| 1492|          9|
    +------------------------+----+----+-----+-----------+



================================================================
== Interface
================================================================
* Summary: 
+----------+-----+-----+------------+--------------+--------------+
| RTL Ports| Dir | Bits|  Protocol  | Source Object|    C Type    |
+----------+-----+-----+------------+--------------+--------------+
|ap_clk    |  in |    1| ap_ctrl_hs |      fir     | return value |
|ap_rst    |  in |    1| ap_ctrl_hs |      fir     | return value |
|ap_start  |  in |    1| ap_ctrl_hs |      fir     | return value |
|ap_done   | out |    1| ap_ctrl_hs |      fir     | return value |
|ap_idle   | out |    1| ap_ctrl_hs |      fir     | return value |
|ap_ready  | out |    1| ap_ctrl_hs |      fir     | return value |
|y         | out |   32|   ap_vld   |       y      |    pointer   |
|y_ap_vld  | out |    1|   ap_vld   |       y      |    pointer   |
|x         |  in |   32|   ap_none  |       x      |    scalar    |
+----------+-----+-----+------------+--------------+--------------+

